C:\Users\Mihir\OneDrive\Desktop\Spring Projects\patient-management\patient-service\src\main\java\com\example\patient_service\controller\PatientController.java
C:\Users\Mihir\OneDrive\Desktop\Spring Projects\patient-management\patient-service\src\main\java\com\example\patient_service\dto\PatientRequestDTO.java
C:\Users\Mihir\OneDrive\Desktop\Spring Projects\patient-management\patient-service\src\main\java\com\example\patient_service\dto\PatientResponseDTO.java
C:\Users\Mihir\OneDrive\Desktop\Spring Projects\patient-management\patient-service\src\main\java\com\example\patient_service\dto\validators\CreatePatientValidationGroup.java
C:\Users\Mihir\OneDrive\Desktop\Spring Projects\patient-management\patient-service\src\main\java\com\example\patient_service\exception\EmailAlreadyExistsException.java
C:\Users\Mihir\OneDrive\Desktop\Spring Projects\patient-management\patient-service\src\main\java\com\example\patient_service\exception\GlobalExceptionHandler.java
C:\Users\Mihir\OneDrive\Desktop\Spring Projects\patient-management\patient-service\src\main\java\com\example\patient_service\exception\PatientNotFoundException.java
C:\Users\Mihir\OneDrive\Desktop\Spring Projects\patient-management\patient-service\src\main\java\com\example\patient_service\mapper\PatientMapper.java
C:\Users\Mihir\OneDrive\Desktop\Spring Projects\patient-management\patient-service\src\main\java\com\example\patient_service\model\Patient.java
C:\Users\Mihir\OneDrive\Desktop\Spring Projects\patient-management\patient-service\src\main\java\com\example\patient_service\PatientServiceApplication.java
C:\Users\Mihir\OneDrive\Desktop\Spring Projects\patient-management\patient-service\src\main\java\com\example\patient_service\repository\PatientRepository.java
C:\Users\Mihir\OneDrive\Desktop\Spring Projects\patient-management\patient-service\src\main\java\com\example\patient_service\service\PatientService.java
